=== par t=2 run=1 ===
Lendo imagem: data/entrada_pequena.ppm...
Imagem lida (512x512). Aplicando Filtro da Mediana 5x5...
Threads efetivas: 2
Tempo de filtragem: 0.118999 segundos
Salvando resultado em: data/par_pequena_out.ppm...
Filtro aplicado com sucesso!
0.24user 0.00system 0:00.12elapsed 199%CPU (0avgtext+0avgdata 3584maxresident)k
0inputs+1544outputs (0major+480minor)pagefaults 0swaps
=== par t=2 run=2 ===
Lendo imagem: data/entrada_pequena.ppm...
Imagem lida (512x512). Aplicando Filtro da Mediana 5x5...
Threads efetivas: 2
Tempo de filtragem: 0.119530 segundos
Salvando resultado em: data/par_pequena_out.ppm...
Filtro aplicado com sucesso!
0.23user 0.00system 0:00.12elapsed 197%CPU (0avgtext+0avgdata 3584maxresident)k
0inputs+1544outputs (0major+479minor)pagefaults 0swaps
=== par t=2 run=3 ===
Lendo imagem: data/entrada_pequena.ppm...
Imagem lida (512x512). Aplicando Filtro da Mediana 5x5...
Threads efetivas: 2
Tempo de filtragem: 0.118772 segundos
Salvando resultado em: data/par_pequena_out.ppm...
Filtro aplicado com sucesso!
0.23user 0.00system 0:00.12elapsed 199%CPU (0avgtext+0avgdata 3584maxresident)k
0inputs+1544outputs (0major+481minor)pagefaults 0swaps
=== par t=2 run=4 ===
Lendo imagem: data/entrada_pequena.ppm...
Imagem lida (512x512). Aplicando Filtro da Mediana 5x5...
Threads efetivas: 2
Tempo de filtragem: 0.119173 segundos
Salvando resultado em: data/par_pequena_out.ppm...
Filtro aplicado com sucesso!
0.23user 0.00system 0:00.12elapsed 199%CPU (0avgtext+0avgdata 3584maxresident)k
0inputs+1544outputs (0major+477minor)pagefaults 0swaps
=== par t=2 run=5 ===
Lendo imagem: data/entrada_pequena.ppm...
Imagem lida (512x512). Aplicando Filtro da Mediana 5x5...
Threads efetivas: 2
Tempo de filtragem: 0.119318 segundos
Salvando resultado em: data/par_pequena_out.ppm...
Filtro aplicado com sucesso!
0.24user 0.00system 0:00.12elapsed 199%CPU (0avgtext+0avgdata 3584maxresident)k
0inputs+1544outputs (0major+478minor)pagefaults 0swaps
=== par t=4 run=1 ===
Lendo imagem: data/entrada_pequena.ppm...
Imagem lida (512x512). Aplicando Filtro da Mediana 5x5...
Threads efetivas: 4
Tempo de filtragem: 0.060719 segundos
Salvando resultado em: data/par_pequena_out.ppm...
Filtro aplicado com sucesso!
0.24user 0.00system 0:00.06elapsed 393%CPU (0avgtext+0avgdata 3584maxresident)k
0inputs+1544outputs (0major+483minor)pagefaults 0swaps
=== par t=4 run=2 ===
Lendo imagem: data/entrada_pequena.ppm...
Imagem lida (512x512). Aplicando Filtro da Mediana 5x5...
Threads efetivas: 4
Tempo de filtragem: 0.060765 segundos
Salvando resultado em: data/par_pequena_out.ppm...
Filtro aplicado com sucesso!
0.24user 0.00system 0:00.06elapsed 395%CPU (0avgtext+0avgdata 3584maxresident)k
0inputs+1544outputs (0major+483minor)pagefaults 0swaps
=== par t=4 run=3 ===
Lendo imagem: data/entrada_pequena.ppm...
Imagem lida (512x512). Aplicando Filtro da Mediana 5x5...
Threads efetivas: 4
Tempo de filtragem: 0.060676 segundos
Salvando resultado em: data/par_pequena_out.ppm...
Filtro aplicado com sucesso!
0.24user 0.00system 0:00.06elapsed 392%CPU (0avgtext+0avgdata 3584maxresident)k
0inputs+1544outputs (0major+483minor)pagefaults 0swaps
=== par t=4 run=4 ===
Lendo imagem: data/entrada_pequena.ppm...
Imagem lida (512x512). Aplicando Filtro da Mediana 5x5...
Threads efetivas: 4
Tempo de filtragem: 0.060642 segundos
Salvando resultado em: data/par_pequena_out.ppm...
Filtro aplicado com sucesso!
0.24user 0.00system 0:00.06elapsed 400%CPU (0avgtext+0avgdata 3584maxresident)k
0inputs+1544outputs (0major+481minor)pagefaults 0swaps
=== par t=4 run=5 ===
Lendo imagem: data/entrada_pequena.ppm...
Imagem lida (512x512). Aplicando Filtro da Mediana 5x5...
Threads efetivas: 4
Tempo de filtragem: 0.061354 segundos
Salvando resultado em: data/par_pequena_out.ppm...
Filtro aplicado com sucesso!
0.24user 0.00system 0:00.06elapsed 396%CPU (0avgtext+0avgdata 3584maxresident)k
0inputs+1544outputs (0major+484minor)pagefaults 0swaps
=== par t=8 run=1 ===
Lendo imagem: data/entrada_pequena.ppm...
Imagem lida (512x512). Aplicando Filtro da Mediana 5x5...
Threads efetivas: 8
Tempo de filtragem: 0.033213 segundos
Salvando resultado em: data/par_pequena_out.ppm...
Filtro aplicado com sucesso!
0.27user 0.00system 0:00.03elapsed 791%CPU (0avgtext+0avgdata 3584maxresident)k
0inputs+1544outputs (0major+492minor)pagefaults 0swaps
=== par t=8 run=2 ===
Lendo imagem: data/entrada_pequena.ppm...
Imagem lida (512x512). Aplicando Filtro da Mediana 5x5...
Threads efetivas: 8
Tempo de filtragem: 0.033483 segundos
Salvando resultado em: data/par_pequena_out.ppm...
Filtro aplicado com sucesso!
0.27user 0.00system 0:00.03elapsed 772%CPU (0avgtext+0avgdata 3584maxresident)k
0inputs+1544outputs (0major+492minor)pagefaults 0swaps
=== par t=8 run=3 ===
Lendo imagem: data/entrada_pequena.ppm...
Imagem lida (512x512). Aplicando Filtro da Mediana 5x5...
Threads efetivas: 8
Tempo de filtragem: 0.046839 segundos
Salvando resultado em: data/par_pequena_out.ppm...
Filtro aplicado com sucesso!
0.32user 0.00system 0:00.04elapsed 659%CPU (0avgtext+0avgdata 3584maxresident)k
0inputs+1544outputs (0major+492minor)pagefaults 0swaps
=== par t=8 run=4 ===
Lendo imagem: data/entrada_pequena.ppm...
Imagem lida (512x512). Aplicando Filtro da Mediana 5x5...
Threads efetivas: 8
Tempo de filtragem: 0.045553 segundos
Salvando resultado em: data/par_pequena_out.ppm...
Filtro aplicado com sucesso!
0.31user 0.00system 0:00.04elapsed 666%CPU (0avgtext+0avgdata 3584maxresident)k
0inputs+1544outputs (0major+493minor)pagefaults 0swaps
=== par t=8 run=5 ===
Lendo imagem: data/entrada_pequena.ppm...
Imagem lida (512x512). Aplicando Filtro da Mediana 5x5...
Threads efetivas: 8
Tempo de filtragem: 0.033518 segundos
Salvando resultado em: data/par_pequena_out.ppm...
Filtro aplicado com sucesso!
0.27user 0.00system 0:00.03elapsed 775%CPU (0avgtext+0avgdata 3584maxresident)k
0inputs+1544outputs (0major+492minor)pagefaults 0swaps
=== par t=12 run=1 ===
Lendo imagem: data/entrada_pequena.ppm...
Imagem lida (512x512). Aplicando Filtro da Mediana 5x5...
Threads efetivas: 12
Tempo de filtragem: 0.031724 segundos
Salvando resultado em: data/par_pequena_out.ppm...
Filtro aplicado com sucesso!
0.36user 0.01system 0:00.03elapsed 1114%CPU (0avgtext+0avgdata 3584maxresident)k
0inputs+1544outputs (0major+502minor)pagefaults 0swaps
=== par t=12 run=2 ===
Lendo imagem: data/entrada_pequena.ppm...
Imagem lida (512x512). Aplicando Filtro da Mediana 5x5...
Threads efetivas: 12
Tempo de filtragem: 0.031812 segundos
Salvando resultado em: data/par_pequena_out.ppm...
Filtro aplicado com sucesso!
0.37user 0.00system 0:00.03elapsed 1114%CPU (0avgtext+0avgdata 3584maxresident)k
0inputs+1544outputs (0major+500minor)pagefaults 0swaps
=== par t=12 run=3 ===
Lendo imagem: data/entrada_pequena.ppm...
Imagem lida (512x512). Aplicando Filtro da Mediana 5x5...
Threads efetivas: 12
Tempo de filtragem: 0.032178 segundos
Salvando resultado em: data/par_pequena_out.ppm...
Filtro aplicado com sucesso!
0.38user 0.00system 0:00.03elapsed 1126%CPU (0avgtext+0avgdata 3584maxresident)k
0inputs+1544outputs (0major+500minor)pagefaults 0swaps
=== par t=12 run=4 ===
Lendo imagem: data/entrada_pequena.ppm...
Imagem lida (512x512). Aplicando Filtro da Mediana 5x5...
Threads efetivas: 12
Tempo de filtragem: 0.031888 segundos
Salvando resultado em: data/par_pequena_out.ppm...
Filtro aplicado com sucesso!
0.38user 0.00system 0:00.03elapsed 1132%CPU (0avgtext+0avgdata 3584maxresident)k
0inputs+1544outputs (0major+499minor)pagefaults 0swaps
=== par t=12 run=5 ===
Lendo imagem: data/entrada_pequena.ppm...
Imagem lida (512x512). Aplicando Filtro da Mediana 5x5...
Threads efetivas: 12
Tempo de filtragem: 0.031822 segundos
Salvando resultado em: data/par_pequena_out.ppm...
Filtro aplicado com sucesso!
0.37user 0.00system 0:00.03elapsed 1114%CPU (0avgtext+0avgdata 3584maxresident)k
0inputs+1544outputs (0major+501minor)pagefaults 0swaps
=== par t=16 run=1 ===
Lendo imagem: data/entrada_pequena.ppm...
Imagem lida (512x512). Aplicando Filtro da Mediana 5x5...
Threads efetivas: 16
Tempo de filtragem: 0.025860 segundos
Salvando resultado em: data/par_pequena_out.ppm...
Filtro aplicado com sucesso!
0.43user 0.00system 0:00.02elapsed 1546%CPU (0avgtext+0avgdata 3584maxresident)k
0inputs+1544outputs (0major+509minor)pagefaults 0swaps
=== par t=16 run=2 ===
Lendo imagem: data/entrada_pequena.ppm...
Imagem lida (512x512). Aplicando Filtro da Mediana 5x5...
Threads efetivas: 16
Tempo de filtragem: 0.025441 segundos
Salvando resultado em: data/par_pequena_out.ppm...
Filtro aplicado com sucesso!
0.42user 0.00system 0:00.02elapsed 1528%CPU (0avgtext+0avgdata 3584maxresident)k
0inputs+1544outputs (0major+509minor)pagefaults 0swaps
=== par t=16 run=3 ===
Lendo imagem: data/entrada_pequena.ppm...
Imagem lida (512x512). Aplicando Filtro da Mediana 5x5...
Threads efetivas: 16
Tempo de filtragem: 0.026358 segundos
Salvando resultado em: data/par_pequena_out.ppm...
Filtro aplicado com sucesso!
0.44user 0.00system 0:00.02elapsed 1520%CPU (0avgtext+0avgdata 3584maxresident)k
0inputs+1544outputs (0major+510minor)pagefaults 0swaps
=== par t=16 run=4 ===
Lendo imagem: data/entrada_pequena.ppm...
Imagem lida (512x512). Aplicando Filtro da Mediana 5x5...
Threads efetivas: 16
Tempo de filtragem: 0.025722 segundos
Salvando resultado em: data/par_pequena_out.ppm...
Filtro aplicado com sucesso!
0.43user 0.00system 0:00.02elapsed 1546%CPU (0avgtext+0avgdata 3584maxresident)k
0inputs+1544outputs (0major+508minor)pagefaults 0swaps
=== par t=16 run=5 ===
Lendo imagem: data/entrada_pequena.ppm...
Imagem lida (512x512). Aplicando Filtro da Mediana 5x5...
Threads efetivas: 16
Tempo de filtragem: 0.037607 segundos
Salvando resultado em: data/par_pequena_out.ppm...
Filtro aplicado com sucesso!
0.56user 0.00system 0:00.04elapsed 1281%CPU (0avgtext+0avgdata 3584maxresident)k
0inputs+1544outputs (0major+506minor)pagefaults 0swaps
