=== par t=2 run=1 ===
Lendo imagem: data/entrada_media.ppm...
Imagem lida (3648x3648). Aplicando Filtro da Mediana 5x5...
Threads efetivas: 2
Tempo de filtragem: 5.604982 segundos
Salvando resultado em: data/par_media_out.ppm...
Filtro aplicado com sucesso!
11.16user 0.08system 0:05.71elapsed 196%CPU (0avgtext+0avgdata 80000maxresident)k
0inputs+77984outputs (0major+19591minor)pagefaults 0swaps
=== par t=2 run=2 ===
Lendo imagem: data/entrada_media.ppm...
Imagem lida (3648x3648). Aplicando Filtro da Mediana 5x5...
Threads efetivas: 2
Tempo de filtragem: 5.618074 segundos
Salvando resultado em: data/par_media_out.ppm...
Filtro aplicado com sucesso!
11.18user 0.08system 0:05.73elapsed 196%CPU (0avgtext+0avgdata 80000maxresident)k
0inputs+77984outputs (0major+19590minor)pagefaults 0swaps
=== par t=2 run=3 ===
Lendo imagem: data/entrada_media.ppm...
Imagem lida (3648x3648). Aplicando Filtro da Mediana 5x5...
Threads efetivas: 2
Tempo de filtragem: 5.646682 segundos
Salvando resultado em: data/par_media_out.ppm...
Filtro aplicado com sucesso!
11.30user 0.08system 0:05.75elapsed 197%CPU (0avgtext+0avgdata 80000maxresident)k
0inputs+77984outputs (0major+19590minor)pagefaults 0swaps
=== par t=2 run=4 ===
Lendo imagem: data/entrada_media.ppm...
Imagem lida (3648x3648). Aplicando Filtro da Mediana 5x5...
Threads efetivas: 2
Tempo de filtragem: 5.648469 segundos
Salvando resultado em: data/par_media_out.ppm...
Filtro aplicado com sucesso!
11.30user 0.08system 0:05.75elapsed 197%CPU (0avgtext+0avgdata 80000maxresident)k
0inputs+77984outputs (0major+19590minor)pagefaults 0swaps
=== par t=2 run=5 ===
Lendo imagem: data/entrada_media.ppm...
Imagem lida (3648x3648). Aplicando Filtro da Mediana 5x5...
Threads efetivas: 2
Tempo de filtragem: 5.603164 segundos
Salvando resultado em: data/par_media_out.ppm...
Filtro aplicado com sucesso!
11.21user 0.08system 0:05.71elapsed 197%CPU (0avgtext+0avgdata 80000maxresident)k
0inputs+77984outputs (0major+19589minor)pagefaults 0swaps
=== par t=4 run=1 ===
Lendo imagem: data/entrada_media.ppm...
Imagem lida (3648x3648). Aplicando Filtro da Mediana 5x5...
Threads efetivas: 4
Tempo de filtragem: 2.910708 segundos
Salvando resultado em: data/par_media_out.ppm...
Filtro aplicado com sucesso!
11.42user 0.08system 0:03.01elapsed 381%CPU (0avgtext+0avgdata 80000maxresident)k
0inputs+77984outputs (0major+19592minor)pagefaults 0swaps
=== par t=4 run=2 ===
Lendo imagem: data/entrada_media.ppm...
Imagem lida (3648x3648). Aplicando Filtro da Mediana 5x5...
Threads efetivas: 4
Tempo de filtragem: 2.919451 segundos
Salvando resultado em: data/par_media_out.ppm...
Filtro aplicado com sucesso!
11.42user 0.08system 0:03.03elapsed 379%CPU (0avgtext+0avgdata 80000maxresident)k
0inputs+77984outputs (0major+19594minor)pagefaults 0swaps
=== par t=4 run=3 ===
Lendo imagem: data/entrada_media.ppm...
Imagem lida (3648x3648). Aplicando Filtro da Mediana 5x5...
Threads efetivas: 4
Tempo de filtragem: 2.929789 segundos
Salvando resultado em: data/par_media_out.ppm...
Filtro aplicado com sucesso!
11.46user 0.09system 0:03.03elapsed 380%CPU (0avgtext+0avgdata 80000maxresident)k
0inputs+77984outputs (0major+19592minor)pagefaults 0swaps
=== par t=4 run=4 ===
Lendo imagem: data/entrada_media.ppm...
Imagem lida (3648x3648). Aplicando Filtro da Mediana 5x5...
Threads efetivas: 4
Tempo de filtragem: 2.945237 segundos
Salvando resultado em: data/par_media_out.ppm...
Filtro aplicado com sucesso!
11.53user 0.09system 0:03.05elapsed 380%CPU (0avgtext+0avgdata 80000maxresident)k
0inputs+77984outputs (0major+19592minor)pagefaults 0swaps
=== par t=4 run=5 ===
Lendo imagem: data/entrada_media.ppm...
Imagem lida (3648x3648). Aplicando Filtro da Mediana 5x5...
Threads efetivas: 4
Tempo de filtragem: 2.942502 segundos
Salvando resultado em: data/par_media_out.ppm...
Filtro aplicado com sucesso!
11.51user 0.08system 0:03.05elapsed 379%CPU (0avgtext+0avgdata 80000maxresident)k
0inputs+77984outputs (0major+19594minor)pagefaults 0swaps
=== par t=8 run=1 ===
Lendo imagem: data/entrada_media.ppm...
Imagem lida (3648x3648). Aplicando Filtro da Mediana 5x5...
Threads efetivas: 8
Tempo de filtragem: 1.584138 segundos
Salvando resultado em: data/par_media_out.ppm...
Filtro aplicado com sucesso!
12.42user 0.08system 0:01.69elapsed 737%CPU (0avgtext+0avgdata 80000maxresident)k
0inputs+77984outputs (0major+19602minor)pagefaults 0swaps
=== par t=8 run=2 ===
Lendo imagem: data/entrada_media.ppm...
Imagem lida (3648x3648). Aplicando Filtro da Mediana 5x5...
Threads efetivas: 8
Tempo de filtragem: 1.591435 segundos
Salvando resultado em: data/par_media_out.ppm...
Filtro aplicado com sucesso!
12.42user 0.08system 0:01.70elapsed 735%CPU (0avgtext+0avgdata 80000maxresident)k
0inputs+77984outputs (0major+19603minor)pagefaults 0swaps
=== par t=8 run=3 ===
Lendo imagem: data/entrada_media.ppm...
Imagem lida (3648x3648). Aplicando Filtro da Mediana 5x5...
Threads efetivas: 8
Tempo de filtragem: 1.601727 segundos
Salvando resultado em: data/par_media_out.ppm...
Filtro aplicado com sucesso!
12.42user 0.09system 0:01.71elapsed 728%CPU (0avgtext+0avgdata 80000maxresident)k
0inputs+77984outputs (0major+19602minor)pagefaults 0swaps
=== par t=8 run=4 ===
Lendo imagem: data/entrada_media.ppm...
Imagem lida (3648x3648). Aplicando Filtro da Mediana 5x5...
Threads efetivas: 8
Tempo de filtragem: 1.585903 segundos
Salvando resultado em: data/par_media_out.ppm...
Filtro aplicado com sucesso!
12.45user 0.08system 0:01.69elapsed 739%CPU (0avgtext+0avgdata 80000maxresident)k
0inputs+77984outputs (0major+19603minor)pagefaults 0swaps
=== par t=8 run=5 ===
Lendo imagem: data/entrada_media.ppm...
Imagem lida (3648x3648). Aplicando Filtro da Mediana 5x5...
Threads efetivas: 8
Tempo de filtragem: 1.590354 segundos
Salvando resultado em: data/par_media_out.ppm...
Filtro aplicado com sucesso!
12.44user 0.08system 0:01.69elapsed 737%CPU (0avgtext+0avgdata 80000maxresident)k
0inputs+77984outputs (0major+19602minor)pagefaults 0swaps
=== par t=12 run=1 ===
Lendo imagem: data/entrada_media.ppm...
Imagem lida (3648x3648). Aplicando Filtro da Mediana 5x5...
Threads efetivas: 12
Tempo de filtragem: 1.454412 segundos
Salvando resultado em: data/par_media_out.ppm...
Filtro aplicado com sucesso!
15.75user 0.08system 0:01.56elapsed 1011%CPU (0avgtext+0avgdata 80000maxresident)k
0inputs+77984outputs (0major+19611minor)pagefaults 0swaps
=== par t=12 run=2 ===
Lendo imagem: data/entrada_media.ppm...
Imagem lida (3648x3648). Aplicando Filtro da Mediana 5x5...
Threads efetivas: 12
Tempo de filtragem: 1.451647 segundos
Salvando resultado em: data/par_media_out.ppm...
Filtro aplicado com sucesso!
15.73user 0.08system 0:01.58elapsed 1001%CPU (0avgtext+0avgdata 80000maxresident)k
0inputs+77984outputs (0major+19610minor)pagefaults 0swaps
=== par t=12 run=3 ===
Lendo imagem: data/entrada_media.ppm...
Imagem lida (3648x3648). Aplicando Filtro da Mediana 5x5...
Threads efetivas: 12
Tempo de filtragem: 1.556455 segundos
Salvando resultado em: data/par_media_out.ppm...
Filtro aplicado com sucesso!
16.79user 0.08system 0:01.66elapsed 1014%CPU (0avgtext+0avgdata 80000maxresident)k
0inputs+77984outputs (0major+19610minor)pagefaults 0swaps
=== par t=12 run=4 ===
Lendo imagem: data/entrada_media.ppm...
Imagem lida (3648x3648). Aplicando Filtro da Mediana 5x5...
Threads efetivas: 12
Tempo de filtragem: 1.455471 segundos
Salvando resultado em: data/par_media_out.ppm...
Filtro aplicado com sucesso!
15.80user 0.09system 0:01.57elapsed 1012%CPU (0avgtext+0avgdata 80000maxresident)k
0inputs+77984outputs (0major+19611minor)pagefaults 0swaps
=== par t=12 run=5 ===
Lendo imagem: data/entrada_media.ppm...
Imagem lida (3648x3648). Aplicando Filtro da Mediana 5x5...
Threads efetivas: 12
Tempo de filtragem: 1.457056 segundos
Salvando resultado em: data/par_media_out.ppm...
Filtro aplicado com sucesso!
15.82user 0.08system 0:01.56elapsed 1016%CPU (0avgtext+0avgdata 80000maxresident)k
0inputs+77984outputs (0major+19611minor)pagefaults 0swaps
=== par t=16 run=1 ===
Lendo imagem: data/entrada_media.ppm...
Imagem lida (3648x3648). Aplicando Filtro da Mediana 5x5...
Threads efetivas: 16
Tempo de filtragem: 1.243867 segundos
Salvando resultado em: data/par_media_out.ppm...
Filtro aplicado com sucesso!
19.51user 0.09system 0:01.34elapsed 1455%CPU (0avgtext+0avgdata 80000maxresident)k
0inputs+77984outputs (0major+19619minor)pagefaults 0swaps
=== par t=16 run=2 ===
Lendo imagem: data/entrada_media.ppm...
Imagem lida (3648x3648). Aplicando Filtro da Mediana 5x5...
Threads efetivas: 16
Tempo de filtragem: 1.270908 segundos
Salvando resultado em: data/par_media_out.ppm...
Filtro aplicado com sucesso!
19.59user 0.09system 0:01.36elapsed 1443%CPU (0avgtext+0avgdata 80000maxresident)k
0inputs+77984outputs (0major+19619minor)pagefaults 0swaps
=== par t=16 run=3 ===
Lendo imagem: data/entrada_media.ppm...
Imagem lida (3648x3648). Aplicando Filtro da Mediana 5x5...
Threads efetivas: 16
Tempo de filtragem: 1.247134 segundos
Salvando resultado em: data/par_media_out.ppm...
Filtro aplicado com sucesso!
19.56user 0.09system 0:01.35elapsed 1450%CPU (0avgtext+0avgdata 80000maxresident)k
0inputs+77984outputs (0major+19619minor)pagefaults 0swaps
=== par t=16 run=4 ===
Lendo imagem: data/entrada_media.ppm...
Imagem lida (3648x3648). Aplicando Filtro da Mediana 5x5...
Threads efetivas: 16
Tempo de filtragem: 1.245121 segundos
Salvando resultado em: data/par_media_out.ppm...
Filtro aplicado com sucesso!
19.63user 0.09system 0:01.35elapsed 1457%CPU (0avgtext+0avgdata 80000maxresident)k
0inputs+77984outputs (0major+19619minor)pagefaults 0swaps
=== par t=16 run=5 ===
Lendo imagem: data/entrada_media.ppm...
Imagem lida (3648x3648). Aplicando Filtro da Mediana 5x5...
Threads efetivas: 16
Tempo de filtragem: 1.242103 segundos
Salvando resultado em: data/par_media_out.ppm...
Filtro aplicado com sucesso!
19.60user 0.10system 0:01.35elapsed 1450%CPU (0avgtext+0avgdata 80000maxresident)k
0inputs+77984outputs (0major+19619minor)pagefaults 0swaps
