=== par t=2 run=1 ===
Lendo imagem: data/entrada_grande_extra.ppm...
Imagem lida (30000x21059). Aplicando Filtro da Mediana 5x5...
Threads efetivas: 2
Tempo de filtragem: 296.193328 segundos
Salvando resultado em: data/par_grande_extra_out.ppm...
Filtro aplicado com sucesso!
587.26user 3.11system 4:59.57elapsed 197%CPU (0avgtext+0avgdata 3703680maxresident)k
0inputs+3701784outputs (0major+925539minor)pagefaults 0swaps
=== par t=2 run=2 ===
Lendo imagem: data/entrada_grande_extra.ppm...
Imagem lida (30000x21059). Aplicando Filtro da Mediana 5x5...
Threads efetivas: 2
Tempo de filtragem: 301.095879 segundos
Salvando resultado em: data/par_grande_extra_out.ppm...
Filtro aplicado com sucesso!
598.73user 3.67system 5:06.06elapsed 196%CPU (0avgtext+0avgdata 3703808maxresident)k
0inputs+3701784outputs (0major+925540minor)pagefaults 0swaps
=== par t=2 run=3 ===
Lendo imagem: data/entrada_grande_extra.ppm...
Imagem lida (30000x21059). Aplicando Filtro da Mediana 5x5...
Threads efetivas: 2
Tempo de filtragem: 297.642246 segundos
Salvando resultado em: data/par_grande_extra_out.ppm...
Filtro aplicado com sucesso!
594.26user 3.68system 5:02.56elapsed 197%CPU (0avgtext+0avgdata 3703808maxresident)k
0inputs+3701784outputs (0major+925540minor)pagefaults 0swaps
=== par t=2 run=4 ===
Lendo imagem: data/entrada_grande_extra.ppm...
Imagem lida (30000x21059). Aplicando Filtro da Mediana 5x5...
Threads efetivas: 2
Tempo de filtragem: 303.264857 segundos
Salvando resultado em: data/par_grande_extra_out.ppm...
Filtro aplicado com sucesso!
603.09user 3.69system 5:08.22elapsed 196%CPU (0avgtext+0avgdata 3703552maxresident)k
0inputs+3701784outputs (0major+925539minor)pagefaults 0swaps
=== par t=2 run=5 ===
Lendo imagem: data/entrada_grande_extra.ppm...
Imagem lida (30000x21059). Aplicando Filtro da Mediana 5x5...
Threads efetivas: 2
Tempo de filtragem: 301.725059 segundos
Salvando resultado em: data/par_grande_extra_out.ppm...
Filtro aplicado com sucesso!
598.82user 3.66system 5:06.68elapsed 196%CPU (0avgtext+0avgdata 3703552maxresident)k
0inputs+3701784outputs (0major+925539minor)pagefaults 0swaps
=== par t=4 run=1 ===
Lendo imagem: data/entrada_grande_extra.ppm...
Imagem lida (30000x21059). Aplicando Filtro da Mediana 5x5...
Threads efetivas: 4
Tempo de filtragem: 162.321900 segundos
Salvando resultado em: data/par_grande_extra_out.ppm...
Filtro aplicado com sucesso!
621.36user 3.72system 2:47.30elapsed 373%CPU (0avgtext+0avgdata 3703808maxresident)k
0inputs+3701784outputs (0major+925544minor)pagefaults 0swaps
=== par t=4 run=2 ===
Lendo imagem: data/entrada_grande_extra.ppm...
Imagem lida (30000x21059). Aplicando Filtro da Mediana 5x5...
Threads efetivas: 4
Tempo de filtragem: 154.856601 segundos
Salvando resultado em: data/par_grande_extra_out.ppm...
Filtro aplicado com sucesso!
614.95user 3.74system 2:39.89elapsed 386%CPU (0avgtext+0avgdata 3703808maxresident)k
0inputs+3701784outputs (0major+925543minor)pagefaults 0swaps
=== par t=4 run=3 ===
Lendo imagem: data/entrada_grande_extra.ppm...
Imagem lida (30000x21059). Aplicando Filtro da Mediana 5x5...
Threads efetivas: 4
Tempo de filtragem: 155.729292 segundos
Salvando resultado em: data/par_grande_extra_out.ppm...
Filtro aplicado com sucesso!
618.99user 3.77system 2:40.70elapsed 387%CPU (0avgtext+0avgdata 3703808maxresident)k
0inputs+3701784outputs (0major+925544minor)pagefaults 0swaps
=== par t=4 run=4 ===
Lendo imagem: data/entrada_grande_extra.ppm...
Imagem lida (30000x21059). Aplicando Filtro da Mediana 5x5...
Threads efetivas: 4
Tempo de filtragem: 155.855874 segundos
Salvando resultado em: data/par_grande_extra_out.ppm...
Filtro aplicado com sucesso!
616.79user 3.75system 2:40.88elapsed 385%CPU (0avgtext+0avgdata 3703680maxresident)k
0inputs+3701784outputs (0major+925544minor)pagefaults 0swaps
=== par t=4 run=5 ===
Lendo imagem: data/entrada_grande_extra.ppm...
Imagem lida (30000x21059). Aplicando Filtro da Mediana 5x5...
Threads efetivas: 4
Tempo de filtragem: 155.051629 segundos
Salvando resultado em: data/par_grande_extra_out.ppm...
Filtro aplicado com sucesso!
616.99user 3.74system 2:40.03elapsed 387%CPU (0avgtext+0avgdata 3703808maxresident)k
0inputs+3701784outputs (0major+925543minor)pagefaults 0swaps
=== par t=8 run=1 ===
Lendo imagem: data/entrada_grande_extra.ppm...
Imagem lida (30000x21059). Aplicando Filtro da Mediana 5x5...
Threads efetivas: 8
Tempo de filtragem: 84.436277 segundos
Salvando resultado em: data/par_grande_extra_out.ppm...
Filtro aplicado com sucesso!
669.37user 3.72system 1:29.43elapsed 752%CPU (0avgtext+0avgdata 3703808maxresident)k
0inputs+3701784outputs (0major+925552minor)pagefaults 0swaps
=== par t=8 run=2 ===
Lendo imagem: data/entrada_grande_extra.ppm...
Imagem lida (30000x21059). Aplicando Filtro da Mediana 5x5...
Threads efetivas: 8
Tempo de filtragem: 84.782888 segundos
Salvando resultado em: data/par_grande_extra_out.ppm...
Filtro aplicado com sucesso!
673.75user 3.75system 1:29.78elapsed 754%CPU (0avgtext+0avgdata 3703808maxresident)k
0inputs+3701784outputs (0major+925550minor)pagefaults 0swaps
=== par t=8 run=3 ===
Lendo imagem: data/entrada_grande_extra.ppm...
Imagem lida (30000x21059). Aplicando Filtro da Mediana 5x5...
Threads efetivas: 8
Tempo de filtragem: 85.107647 segundos
Salvando resultado em: data/par_grande_extra_out.ppm...
Filtro aplicado com sucesso!
674.18user 3.73system 1:30.10elapsed 752%CPU (0avgtext+0avgdata 3703808maxresident)k
0inputs+3701784outputs (0major+925553minor)pagefaults 0swaps
=== par t=8 run=4 ===
Lendo imagem: data/entrada_grande_extra.ppm...
Imagem lida (30000x21059). Aplicando Filtro da Mediana 5x5...
Threads efetivas: 8
Tempo de filtragem: 85.161701 segundos
Salvando resultado em: data/par_grande_extra_out.ppm...
Filtro aplicado com sucesso!
675.69user 3.76system 1:30.16elapsed 753%CPU (0avgtext+0avgdata 3703680maxresident)k
0inputs+3701784outputs (0major+925553minor)pagefaults 0swaps
=== par t=8 run=5 ===
Lendo imagem: data/entrada_grande_extra.ppm...
Imagem lida (30000x21059). Aplicando Filtro da Mediana 5x5...
Threads efetivas: 8
Tempo de filtragem: 84.765818 segundos
Salvando resultado em: data/par_grande_extra_out.ppm...
Filtro aplicado com sucesso!
672.68user 3.79system 1:29.77elapsed 753%CPU (0avgtext+0avgdata 3703808maxresident)k
0inputs+3701784outputs (0major+925553minor)pagefaults 0swaps
=== par t=12 run=1 ===
Lendo imagem: data/entrada_grande_extra.ppm...
Imagem lida (30000x21059). Aplicando Filtro da Mediana 5x5...
Threads efetivas: 12
Tempo de filtragem: 76.864258 segundos
Salvando resultado em: data/par_grande_extra_out.ppm...
Filtro aplicado com sucesso!
836.68user 3.79system 1:21.87elapsed 1026%CPU (0avgtext+0avgdata 3703808maxresident)k
0inputs+3701784outputs (0major+925560minor)pagefaults 0swaps
=== par t=12 run=2 ===
Lendo imagem: data/entrada_grande_extra.ppm...
Imagem lida (30000x21059). Aplicando Filtro da Mediana 5x5...
Threads efetivas: 12
Tempo de filtragem: 75.214803 segundos
Salvando resultado em: data/par_grande_extra_out.ppm...
Filtro aplicado com sucesso!
827.85user 3.87system 1:20.30elapsed 1035%CPU (0avgtext+0avgdata 3703808maxresident)k
0inputs+3701784outputs (0major+925560minor)pagefaults 0swaps
=== par t=12 run=3 ===
Lendo imagem: data/entrada_grande_extra.ppm...
Imagem lida (30000x21059). Aplicando Filtro da Mediana 5x5...
Threads efetivas: 12
Tempo de filtragem: 75.668029 segundos
Salvando resultado em: data/par_grande_extra_out.ppm...
Filtro aplicado com sucesso!
828.50user 3.85system 1:20.70elapsed 1031%CPU (0avgtext+0avgdata 3703680maxresident)k
0inputs+3701784outputs (0major+925561minor)pagefaults 0swaps
=== par t=12 run=4 ===
Lendo imagem: data/entrada_grande_extra.ppm...
Imagem lida (30000x21059). Aplicando Filtro da Mediana 5x5...
Threads efetivas: 12
Tempo de filtragem: 75.785524 segundos
Salvando resultado em: data/par_grande_extra_out.ppm...
Filtro aplicado com sucesso!
831.20user 3.81system 1:20.80elapsed 1033%CPU (0avgtext+0avgdata 3703808maxresident)k
0inputs+3701784outputs (0major+925561minor)pagefaults 0swaps
=== par t=12 run=5 ===
Lendo imagem: data/entrada_grande_extra.ppm...
Imagem lida (30000x21059). Aplicando Filtro da Mediana 5x5...
Threads efetivas: 12
Tempo de filtragem: 76.800621 segundos
Salvando resultado em: data/par_grande_extra_out.ppm...
Filtro aplicado com sucesso!
832.59user 3.75system 1:21.81elapsed 1022%CPU (0avgtext+0avgdata 3703808maxresident)k
0inputs+3701784outputs (0major+925561minor)pagefaults 0swaps
=== par t=16 run=1 ===
Lendo imagem: data/entrada_grande_extra.ppm...
Imagem lida (30000x21059). Aplicando Filtro da Mediana 5x5...
Threads efetivas: 16
Tempo de filtragem: 64.128244 segundos
Salvando resultado em: data/par_grande_extra_out.ppm...
Filtro aplicado com sucesso!
1014.99user 4.42system 1:09.19elapsed 1473%CPU (0avgtext+0avgdata 3703808maxresident)k
0inputs+3701784outputs (0major+925570minor)pagefaults 0swaps
=== par t=16 run=2 ===
Lendo imagem: data/entrada_grande_extra.ppm...
Imagem lida (30000x21059). Aplicando Filtro da Mediana 5x5...
Threads efetivas: 16
Tempo de filtragem: 64.204146 segundos
Salvando resultado em: data/par_grande_extra_out.ppm...
Filtro aplicado com sucesso!
1016.82user 4.46system 1:09.25elapsed 1474%CPU (0avgtext+0avgdata 3703808maxresident)k
0inputs+3701784outputs (0major+925569minor)pagefaults 0swaps
=== par t=16 run=3 ===
Lendo imagem: data/entrada_grande_extra.ppm...
Imagem lida (30000x21059). Aplicando Filtro da Mediana 5x5...
Threads efetivas: 16
Tempo de filtragem: 64.152231 segundos
Salvando resultado em: data/par_grande_extra_out.ppm...
Filtro aplicado com sucesso!
1014.65user 4.64system 1:09.57elapsed 1465%CPU (0avgtext+0avgdata 3703808maxresident)k
0inputs+3701784outputs (0major+925568minor)pagefaults 0swaps
=== par t=16 run=4 ===
Lendo imagem: data/entrada_grande_extra.ppm...
Imagem lida (30000x21059). Aplicando Filtro da Mediana 5x5...
Threads efetivas: 16
Tempo de filtragem: 64.519384 segundos
Salvando resultado em: data/par_grande_extra_out.ppm...
Filtro aplicado com sucesso!
1016.83user 4.69system 1:09.55elapsed 1468%CPU (0avgtext+0avgdata 3703680maxresident)k
0inputs+3701784outputs (0major+925568minor)pagefaults 0swaps
=== par t=16 run=5 ===
Lendo imagem: data/entrada_grande_extra.ppm...
Imagem lida (30000x21059). Aplicando Filtro da Mediana 5x5...
Threads efetivas: 16
Tempo de filtragem: 64.452482 segundos
Salvando resultado em: data/par_grande_extra_out.ppm...
Filtro aplicado com sucesso!
1018.60user 4.70system 1:09.84elapsed 1465%CPU (0avgtext+0avgdata 3703680maxresident)k
0inputs+3701784outputs (0major+925568minor)pagefaults 0swaps
