=== par t=2 run=1 ===
Lendo imagem: data/entrada_grande.ppm...
Imagem lida (7854x11498). Aplicando Filtro da Mediana 5x5...
Threads efetivas: 2
Tempo de filtragem: 41.778056 segundos
Salvando resultado em: data/par_grande_out.ppm...
Filtro aplicado com sucesso!
82.72user 0.46system 0:42.28elapsed 196%CPU (0avgtext+0avgdata 531072maxresident)k
0inputs+529136outputs (0major+132378minor)pagefaults 0swaps
=== par t=2 run=2 ===
Lendo imagem: data/entrada_grande.ppm...
Imagem lida (7854x11498). Aplicando Filtro da Mediana 5x5...
Threads efetivas: 2
Tempo de filtragem: 42.205569 segundos
Salvando resultado em: data/par_grande_out.ppm...
Filtro aplicado com sucesso!
83.56user 0.55system 0:42.96elapsed 195%CPU (0avgtext+0avgdata 531072maxresident)k
0inputs+529136outputs (0major+132377minor)pagefaults 0swaps
=== par t=2 run=3 ===
Lendo imagem: data/entrada_grande.ppm...
Imagem lida (7854x11498). Aplicando Filtro da Mediana 5x5...
Threads efetivas: 2
Tempo de filtragem: 42.463207 segundos
Salvando resultado em: data/par_grande_out.ppm...
Filtro aplicado com sucesso!
83.73user 0.56system 0:43.23elapsed 194%CPU (0avgtext+0avgdata 531072maxresident)k
0inputs+529136outputs (0major+132379minor)pagefaults 0swaps
=== par t=2 run=4 ===
Lendo imagem: data/entrada_grande.ppm...
Imagem lida (7854x11498). Aplicando Filtro da Mediana 5x5...
Threads efetivas: 2
Tempo de filtragem: 42.443873 segundos
Salvando resultado em: data/par_grande_out.ppm...
Filtro aplicado com sucesso!
83.94user 0.56system 0:43.19elapsed 195%CPU (0avgtext+0avgdata 531072maxresident)k
0inputs+529136outputs (0major+132376minor)pagefaults 0swaps
=== par t=2 run=5 ===
Lendo imagem: data/entrada_grande.ppm...
Imagem lida (7854x11498). Aplicando Filtro da Mediana 5x5...
Threads efetivas: 2
Tempo de filtragem: 42.487672 segundos
Salvando resultado em: data/par_grande_out.ppm...
Filtro aplicado com sucesso!
84.00user 0.57system 0:43.24elapsed 195%CPU (0avgtext+0avgdata 531072maxresident)k
0inputs+529136outputs (0major+132378minor)pagefaults 0swaps
=== par t=4 run=1 ===
Lendo imagem: data/entrada_grande.ppm...
Imagem lida (7854x11498). Aplicando Filtro da Mediana 5x5...
Threads efetivas: 4
Tempo de filtragem: 21.588217 segundos
Salvando resultado em: data/par_grande_out.ppm...
Filtro aplicado com sucesso!
85.24user 0.56system 0:22.35elapsed 383%CPU (0avgtext+0avgdata 531072maxresident)k
0inputs+529136outputs (0major+132381minor)pagefaults 0swaps
=== par t=4 run=2 ===
Lendo imagem: data/entrada_grande.ppm...
Imagem lida (7854x11498). Aplicando Filtro da Mediana 5x5...
Threads efetivas: 4
Tempo de filtragem: 21.641695 segundos
Salvando resultado em: data/par_grande_out.ppm...
Filtro aplicado com sucesso!
85.24user 0.56system 0:22.40elapsed 382%CPU (0avgtext+0avgdata 531072maxresident)k
0inputs+529136outputs (0major+132382minor)pagefaults 0swaps
=== par t=4 run=3 ===
Lendo imagem: data/entrada_grande.ppm...
Imagem lida (7854x11498). Aplicando Filtro da Mediana 5x5...
Threads efetivas: 4
Tempo de filtragem: 21.566983 segundos
Salvando resultado em: data/par_grande_out.ppm...
Filtro aplicado com sucesso!
85.15user 0.55system 0:22.33elapsed 383%CPU (0avgtext+0avgdata 531072maxresident)k
0inputs+529136outputs (0major+132380minor)pagefaults 0swaps
=== par t=4 run=4 ===
Lendo imagem: data/entrada_grande.ppm...
Imagem lida (7854x11498). Aplicando Filtro da Mediana 5x5...
Threads efetivas: 4
Tempo de filtragem: 21.870704 segundos
Salvando resultado em: data/par_grande_out.ppm...
Filtro aplicado com sucesso!
86.08user 0.58system 0:22.63elapsed 382%CPU (0avgtext+0avgdata 531072maxresident)k
0inputs+529136outputs (0major+132383minor)pagefaults 0swaps
=== par t=4 run=5 ===
Lendo imagem: data/entrada_grande.ppm...
Imagem lida (7854x11498). Aplicando Filtro da Mediana 5x5...
Threads efetivas: 4
Tempo de filtragem: 21.772504 segundos
Salvando resultado em: data/par_grande_out.ppm...
Filtro aplicado com sucesso!
85.82user 0.56system 0:22.53elapsed 383%CPU (0avgtext+0avgdata 531072maxresident)k
0inputs+529136outputs (0major+132382minor)pagefaults 0swaps
=== par t=8 run=1 ===
Lendo imagem: data/entrada_grande.ppm...
Imagem lida (7854x11498). Aplicando Filtro da Mediana 5x5...
Threads efetivas: 8
Tempo de filtragem: 12.061906 segundos
Salvando resultado em: data/par_grande_out.ppm...
Filtro aplicado com sucesso!
94.24user 0.57system 0:12.82elapsed 739%CPU (0avgtext+0avgdata 531200maxresident)k
0inputs+529136outputs (0major+132390minor)pagefaults 0swaps
=== par t=8 run=2 ===
Lendo imagem: data/entrada_grande.ppm...
Imagem lida (7854x11498). Aplicando Filtro da Mediana 5x5...
Threads efetivas: 8
Tempo de filtragem: 11.912731 segundos
Salvando resultado em: data/par_grande_out.ppm...
Filtro aplicado com sucesso!
93.47user 0.57system 0:12.67elapsed 741%CPU (0avgtext+0avgdata 531200maxresident)k
0inputs+529136outputs (0major+132387minor)pagefaults 0swaps
=== par t=8 run=3 ===
Lendo imagem: data/entrada_grande.ppm...
Imagem lida (7854x11498). Aplicando Filtro da Mediana 5x5...
Threads efetivas: 8
Tempo de filtragem: 11.829875 segundos
Salvando resultado em: data/par_grande_out.ppm...
Filtro aplicado com sucesso!
93.46user 0.57system 0:12.59elapsed 746%CPU (0avgtext+0avgdata 531200maxresident)k
0inputs+529136outputs (0major+132390minor)pagefaults 0swaps
=== par t=8 run=4 ===
Lendo imagem: data/entrada_grande.ppm...
Imagem lida (7854x11498). Aplicando Filtro da Mediana 5x5...
Threads efetivas: 8
Tempo de filtragem: 11.811260 segundos
Salvando resultado em: data/par_grande_out.ppm...
Filtro aplicado com sucesso!
93.28user 0.59system 0:12.58elapsed 745%CPU (0avgtext+0avgdata 531200maxresident)k
0inputs+529136outputs (0major+132390minor)pagefaults 0swaps
=== par t=8 run=5 ===
Lendo imagem: data/entrada_grande.ppm...
Imagem lida (7854x11498). Aplicando Filtro da Mediana 5x5...
Threads efetivas: 8
Tempo de filtragem: 11.929040 segundos
Salvando resultado em: data/par_grande_out.ppm...
Filtro aplicado com sucesso!
93.42user 0.56system 0:12.69elapsed 740%CPU (0avgtext+0avgdata 531200maxresident)k
0inputs+529136outputs (0major+132389minor)pagefaults 0swaps
=== par t=12 run=1 ===
Lendo imagem: data/entrada_grande.ppm...
Imagem lida (7854x11498). Aplicando Filtro da Mediana 5x5...
Threads efetivas: 12
Tempo de filtragem: 10.800703 segundos
Salvando resultado em: data/par_grande_out.ppm...
Filtro aplicado com sucesso!
116.75user 0.57system 0:11.57elapsed 1013%CPU (0avgtext+0avgdata 531200maxresident)k
0inputs+529136outputs (0major+132397minor)pagefaults 0swaps
=== par t=12 run=2 ===
Lendo imagem: data/entrada_grande.ppm...
Imagem lida (7854x11498). Aplicando Filtro da Mediana 5x5...
Threads efetivas: 12
Tempo de filtragem: 10.788668 segundos
Salvando resultado em: data/par_grande_out.ppm...
Filtro aplicado com sucesso!
115.97user 0.61system 0:11.56elapsed 1008%CPU (0avgtext+0avgdata 531200maxresident)k
0inputs+529136outputs (0major+132399minor)pagefaults 0swaps
=== par t=12 run=3 ===
Lendo imagem: data/entrada_grande.ppm...
Imagem lida (7854x11498). Aplicando Filtro da Mediana 5x5...
Threads efetivas: 12
Tempo de filtragem: 10.604515 segundos
Salvando resultado em: data/par_grande_out.ppm...
Filtro aplicado com sucesso!
115.63user 0.58system 0:11.36elapsed 1022%CPU (0avgtext+0avgdata 531200maxresident)k
0inputs+529136outputs (0major+132398minor)pagefaults 0swaps
=== par t=12 run=4 ===
Lendo imagem: data/entrada_grande.ppm...
Imagem lida (7854x11498). Aplicando Filtro da Mediana 5x5...
Threads efetivas: 12
Tempo de filtragem: 10.521265 segundos
Salvando resultado em: data/par_grande_out.ppm...
Filtro aplicado com sucesso!
115.78user 0.57system 0:11.28elapsed 1031%CPU (0avgtext+0avgdata 531200maxresident)k
0inputs+529136outputs (0major+132399minor)pagefaults 0swaps
=== par t=12 run=5 ===
Lendo imagem: data/entrada_grande.ppm...
Imagem lida (7854x11498). Aplicando Filtro da Mediana 5x5...
Threads efetivas: 12
Tempo de filtragem: 10.660863 segundos
Salvando resultado em: data/par_grande_out.ppm...
Filtro aplicado com sucesso!
115.87user 0.56system 0:11.42elapsed 1019%CPU (0avgtext+0avgdata 531200maxresident)k
0inputs+529136outputs (0major+132398minor)pagefaults 0swaps
=== par t=16 run=1 ===
Lendo imagem: data/entrada_grande.ppm...
Imagem lida (7854x11498). Aplicando Filtro da Mediana 5x5...
Threads efetivas: 16
Tempo de filtragem: 9.055160 segundos
Salvando resultado em: data/par_grande_out.ppm...
Filtro aplicado com sucesso!
142.54user 0.64system 0:09.81elapsed 1459%CPU (0avgtext+0avgdata 531200maxresident)k
0inputs+529136outputs (0major+132406minor)pagefaults 0swaps
=== par t=16 run=2 ===
Lendo imagem: data/entrada_grande.ppm...
Imagem lida (7854x11498). Aplicando Filtro da Mediana 5x5...
Threads efetivas: 16
Tempo de filtragem: 9.147962 segundos
Salvando resultado em: data/par_grande_out.ppm...
Filtro aplicado com sucesso!
142.61user 0.64system 0:09.92elapsed 1443%CPU (0avgtext+0avgdata 531200maxresident)k
0inputs+529136outputs (0major+132407minor)pagefaults 0swaps
=== par t=16 run=3 ===
Lendo imagem: data/entrada_grande.ppm...
Imagem lida (7854x11498). Aplicando Filtro da Mediana 5x5...
Threads efetivas: 16
Tempo de filtragem: 8.986866 segundos
Salvando resultado em: data/par_grande_out.ppm...
Filtro aplicado com sucesso!
141.99user 0.65system 0:09.74elapsed 1463%CPU (0avgtext+0avgdata 531200maxresident)k
0inputs+529136outputs (0major+132407minor)pagefaults 0swaps
=== par t=16 run=4 ===
Lendo imagem: data/entrada_grande.ppm...
Imagem lida (7854x11498). Aplicando Filtro da Mediana 5x5...
Threads efetivas: 16
Tempo de filtragem: 9.065014 segundos
Salvando resultado em: data/par_grande_out.ppm...
Filtro aplicado com sucesso!
143.02user 0.63system 0:09.82elapsed 1461%CPU (0avgtext+0avgdata 531200maxresident)k
0inputs+529136outputs (0major+132407minor)pagefaults 0swaps
=== par t=16 run=5 ===
Lendo imagem: data/entrada_grande.ppm...
Imagem lida (7854x11498). Aplicando Filtro da Mediana 5x5...
Threads efetivas: 16
Tempo de filtragem: 9.004423 segundos
Salvando resultado em: data/par_grande_out.ppm...
Filtro aplicado com sucesso!
142.42user 0.65system 0:09.77elapsed 1463%CPU (0avgtext+0avgdata 531200maxresident)k
0inputs+529136outputs (0major+132407minor)pagefaults 0swaps
