=== seq run 1 ===
Lendo imagem: data/entrada_grande_extra.ppm...
Imagem lida (30000x21059). Aplicando Filtro da Mediana 5x5...
Tempo de filtragem: 609.483951 segundos
Salvando resultado em: data/seq_grande_extra_out.ppm...
Filtro aplicado com sucesso!
609.81user 3.50system 10:16.22elapsed 99%CPU (0avgtext+0avgdata 3703424maxresident)k
3701792inputs+3701784outputs (0major+925537minor)pagefaults 0swaps
=== seq run 2 ===
Lendo imagem: data/entrada_grande_extra.ppm...
Imagem lida (30000x21059). Aplicando Filtro da Mediana 5x5...
Tempo de filtragem: 621.604160 segundos
Salvando resultado em: data/seq_grande_extra_out.ppm...
Filtro aplicado com sucesso!
621.84user 3.68system 10:26.54elapsed 99%CPU (0avgtext+0avgdata 3703808maxresident)k
0inputs+3701784outputs (0major+925537minor)pagefaults 0swaps
=== seq run 3 ===
Lendo imagem: data/entrada_grande_extra.ppm...
Imagem lida (30000x21059). Aplicando Filtro da Mediana 5x5...
Tempo de filtragem: 621.983485 segundos
Salvando resultado em: data/seq_grande_extra_out.ppm...
Filtro aplicado com sucesso!
622.25user 3.67system 10:26.97elapsed 99%CPU (0avgtext+0avgdata 3703808maxresident)k
0inputs+3701784outputs (0major+925535minor)pagefaults 0swaps
=== seq run 4 ===
Lendo imagem: data/entrada_grande_extra.ppm...
Imagem lida (30000x21059). Aplicando Filtro da Mediana 5x5...
Tempo de filtragem: 620.850141 segundos
Salvando resultado em: data/seq_grande_extra_out.ppm...
Filtro aplicado com sucesso!
621.08user 3.67system 10:25.80elapsed 99%CPU (0avgtext+0avgdata 3703808maxresident)k
0inputs+3701784outputs (0major+925538minor)pagefaults 0swaps
=== seq run 5 ===
Lendo imagem: data/entrada_grande_extra.ppm...
Imagem lida (30000x21059). Aplicando Filtro da Mediana 5x5...
Tempo de filtragem: 610.345536 segundos
Salvando resultado em: data/seq_grande_extra_out.ppm...
Filtro aplicado com sucesso!
610.61user 3.64system 10:15.30elapsed 99%CPU (0avgtext+0avgdata 3703680maxresident)k
0inputs+3701784outputs (0major+925537minor)pagefaults 0swaps
