=== seq run 1 ===
Lendo imagem: data/entrada_pequena.ppm...
Imagem lida (512x512). Aplicando Filtro da Mediana 5x5...
Tempo de filtragem: 0.248799 segundos
Salvando resultado em: data/seq_pequena_out.ppm...
Filtro aplicado com sucesso!
0.24user 0.00system 0:00.25elapsed 99%CPU (0avgtext+0avgdata 3584maxresident)k
0inputs+1544outputs (0major+477minor)pagefaults 0swaps
=== seq run 2 ===
Lendo imagem: data/entrada_pequena.ppm...
Imagem lida (512x512). Aplicando Filtro da Mediana 5x5...
Tempo de filtragem: 0.248793 segundos
Salvando resultado em: data/seq_pequena_out.ppm...
Filtro aplicado com sucesso!
0.24user 0.00system 0:00.25elapsed 99%CPU (0avgtext+0avgdata 3584maxresident)k
0inputs+1544outputs (0major+476minor)pagefaults 0swaps
=== seq run 3 ===
Lendo imagem: data/entrada_pequena.ppm...
Imagem lida (512x512). Aplicando Filtro da Mediana 5x5...
Tempo de filtragem: 0.248790 segundos
Salvando resultado em: data/seq_pequena_out.ppm...
Filtro aplicado com sucesso!
0.24user 0.00system 0:00.25elapsed 100%CPU (0avgtext+0avgdata 3584maxresident)k
0inputs+1544outputs (0major+477minor)pagefaults 0swaps
=== seq run 4 ===
Lendo imagem: data/entrada_pequena.ppm...
Imagem lida (512x512). Aplicando Filtro da Mediana 5x5...
Tempo de filtragem: 0.249181 segundos
Salvando resultado em: data/seq_pequena_out.ppm...
Filtro aplicado com sucesso!
0.24user 0.00system 0:00.25elapsed 100%CPU (0avgtext+0avgdata 3584maxresident)k
0inputs+1544outputs (0major+477minor)pagefaults 0swaps
=== seq run 5 ===
Lendo imagem: data/entrada_pequena.ppm...
Imagem lida (512x512). Aplicando Filtro da Mediana 5x5...
Tempo de filtragem: 0.249449 segundos
Salvando resultado em: data/seq_pequena_out.ppm...
Filtro aplicado com sucesso!
0.24user 0.00system 0:00.25elapsed 99%CPU (0avgtext+0avgdata 3584maxresident)k
0inputs+1544outputs (0major+477minor)pagefaults 0swaps
