=== seq run 1 ===
Lendo imagem: data/entrada_grande.ppm...
Imagem lida (7854x11498). Aplicando Filtro da Mediana 5x5...
Tempo de filtragem: 85.477565 segundos
Salvando resultado em: data/seq_grande_out.ppm...
Filtro aplicado com sucesso!
85.50user 0.47system 1:25.98elapsed 99%CPU (0avgtext+0avgdata 531072maxresident)k
0inputs+529136outputs (0major+132375minor)pagefaults 0swaps
=== seq run 2 ===
Lendo imagem: data/entrada_grande.ppm...
Imagem lida (7854x11498). Aplicando Filtro da Mediana 5x5...
Tempo de filtragem: 86.794932 segundos
Salvando resultado em: data/seq_grande_out.ppm...
Filtro aplicado com sucesso!
86.83user 0.54system 1:27.54elapsed 99%CPU (0avgtext+0avgdata 531072maxresident)k
0inputs+529136outputs (0major+132374minor)pagefaults 0swaps
=== seq run 3 ===
Lendo imagem: data/entrada_grande.ppm...
Imagem lida (7854x11498). Aplicando Filtro da Mediana 5x5...
Tempo de filtragem: 87.262857 segundos
Salvando resultado em: data/seq_grande_out.ppm...
Filtro aplicado com sucesso!
87.29user 0.56system 1:28.02elapsed 99%CPU (0avgtext+0avgdata 531072maxresident)k
0inputs+529136outputs (0major+132374minor)pagefaults 0swaps
=== seq run 4 ===
Lendo imagem: data/entrada_grande.ppm...
Imagem lida (7854x11498). Aplicando Filtro da Mediana 5x5...
Tempo de filtragem: 86.224339 segundos
Salvando resultado em: data/seq_grande_out.ppm...
Filtro aplicado com sucesso!
86.24user 0.57system 1:26.99elapsed 99%CPU (0avgtext+0avgdata 531072maxresident)k
0inputs+529136outputs (0major+132376minor)pagefaults 0swaps
=== seq run 5 ===
Lendo imagem: data/entrada_grande.ppm...
Imagem lida (7854x11498). Aplicando Filtro da Mediana 5x5...
Tempo de filtragem: 87.270140 segundos
Salvando resultado em: data/seq_grande_out.ppm...
Filtro aplicado com sucesso!
87.30user 0.55system 1:28.02elapsed 99%CPU (0avgtext+0avgdata 531072maxresident)k
0inputs+529136outputs (0major+132376minor)pagefaults 0swaps
