=== seq run 1 ===
Lendo imagem: data/entrada_media.ppm...
Imagem lida (3648x3648). Aplicando Filtro da Mediana 5x5...
Tempo de filtragem: 11.888845 segundos
Salvando resultado em: data/seq_media_out.ppm...
Filtro aplicado com sucesso!
11.89user 0.07system 0:11.96elapsed 100%CPU (0avgtext+0avgdata 80000maxresident)k
0inputs+77984outputs (0major+19586minor)pagefaults 0swaps
=== seq run 2 ===
Lendo imagem: data/entrada_media.ppm...
Imagem lida (3648x3648). Aplicando Filtro da Mediana 5x5...
Tempo de filtragem: 11.854597 segundos
Salvando resultado em: data/seq_media_out.ppm...
Filtro aplicado com sucesso!
11.86user 0.08system 0:11.96elapsed 99%CPU (0avgtext+0avgdata 80000maxresident)k
0inputs+77984outputs (0major+19587minor)pagefaults 0swaps
=== seq run 3 ===
Lendo imagem: data/entrada_media.ppm...
Imagem lida (3648x3648). Aplicando Filtro da Mediana 5x5...
Tempo de filtragem: 11.806553 segundos
Salvando resultado em: data/seq_media_out.ppm...
Filtro aplicado com sucesso!
11.81user 0.08system 0:11.91elapsed 99%CPU (0avgtext+0avgdata 80000maxresident)k
0inputs+77984outputs (0major+19587minor)pagefaults 0swaps
=== seq run 4 ===
Lendo imagem: data/entrada_media.ppm...
Imagem lida (3648x3648). Aplicando Filtro da Mediana 5x5...
Tempo de filtragem: 11.927865 segundos
Salvando resultado em: data/seq_media_out.ppm...
Filtro aplicado com sucesso!
11.93user 0.08system 0:12.03elapsed 99%CPU (0avgtext+0avgdata 80000maxresident)k
0inputs+77984outputs (0major+19586minor)pagefaults 0swaps
=== seq run 5 ===
Lendo imagem: data/entrada_media.ppm...
Imagem lida (3648x3648). Aplicando Filtro da Mediana 5x5...
Tempo de filtragem: 11.819200 segundos
Salvando resultado em: data/seq_media_out.ppm...
Filtro aplicado com sucesso!
11.82user 0.08system 0:11.92elapsed 99%CPU (0avgtext+0avgdata 80000maxresident)k
0inputs+77984outputs (0major+19587minor)pagefaults 0swaps
